[
  {
    "Image1": "gcr.io/gcp-runtimes/node-modified:2.0",
    "Image2": "gcr.io/gcp-runtimes/node-modified",
    "DiffType": "Node",
    "Diff": {
      "Packages1": {},
      "Packages2": {
        "pax": {
          "/node_modules/pax/": {
            "Version": "0.2.1",
            "Size": "11365"
          }
        }
      },
      "InfoDiff": []
    }
  }
]
